// Jest Snapshot v1, https://goo.gl/fbAQLP

exports[`GroceryItem should match the snapshot 1`] = `
<div>
  <div
    class="list-group-item"
  >
    1x
     test 
    <small
      class="text-muted"
    >
      test
    </small>
    <a
      class="btn text-white float-right btn-primary"
    >
      Edit
    </a>
    
  </div>
</div>
`;
