// Jest Snapshot v1, https://goo.gl/fbAQLP

exports[`GroceryItemList should match the snapshot 1`] = `
<div>
  <div
    class="list-group"
  >
    <p>
      Test
    </p>
  </div>
</div>
`;
